<html>
<body>
<pre>
<h1>µVision Build Log</h1>
<h2>Tool Versions:</h2>
IDE-Version: µVision V5.38.0.0
Copyright (C) 2022 ARM Ltd and ARM Germany GmbH. All rights reserved.
License Information: shreyas s, silex, LIC=----
 
Tool Versions:
Toolchain:       MDK-Lite  Version: 5.38.0.0
Toolchain Path:  C:\Keil_v5\ARM\ARMCLANG\Bin
C Compiler:      ArmClang.exe V6.19
Assembler:       Armasm.exe V6.19
Linker/Locator:  ArmLink.exe V6.19
Library Manager: ArmAr.exe V6.19
Hex Converter:   FromElf.exe V6.19
CPU DLL:         SARMCM3.DLL V5.38.0.0
Dialog DLL:      DCM.DLL V1.17.5.0
Target DLL:      UL2CM3.DLL V1.164.8.0
Dialog DLL:      TCM.DLL V1.56.4.0
 
<h2>Project:</h2>
C:\Users\silex\Desktop\shreyas\BAREMETAL\Project_SPI\spi.uvprojx
Project File Date:  12/08/2023

<h2>Output:</h2>
*** Using Compiler 'V6.19', folder: 'C:\Keil_v5\ARM\ARMCLANG\Bin'
Build target 'Target 1'
main.c(1): warning: // comments are not allowed in this language [-Wcomment]
#include "stm32f4xx.h"      // Device header
                            ^
main.c(37): warning: a function declaration without a prototype is deprecated in all versions of C [-Wstrict-prototypes]
static void init_UART2()
                      ^
                       void
main.c(52): warning: no previous prototype for function 'UART_Tx' [-Wmissing-prototypes]
void UART_Tx(char data)
     ^
main.c(52): note: declare 'static' if the function is not intended to be used outside of this translation unit
void UART_Tx(char data)
^
static 
main.c(58): warning: no previous prototype for function 'UART_printf' [-Wmissing-prototypes]
void UART_printf(char *str)
     ^
main.c(58): note: declare 'static' if the function is not intended to be used outside of this translation unit
void UART_printf(char *str)
^
static 
main.c(68): warning: no previous extern declaration for non-static variable 'data' [-Wmissing-variable-declarations]
volatile uint8_t data = 0;
                 ^
main.c(68): note: declare 'static' if the variable is not intended to be used outside of this translation unit
volatile uint8_t data = 0;
         ^
main.c(70): warning: no previous prototype for function 'SPI1_IRQHandler' [-Wmissing-prototypes]
void SPI1_IRQHandler(void)  /*Never make interrupt Handler as static */
     ^
main.c(70): note: declare 'static' if the function is not intended to be used outside of this translation unit
void SPI1_IRQHandler(void)  /*Never make interrupt Handler as static */
^
static 
main.c(80): warning: unused variable 'rx_data' [-Wunused-variable]
         uint8_t rx_data = 0;
                 ^
main.c(11): warning: unused function 'delayms' [-Wunused-function]
static void delayms(uint32_t ms)
            ^
main.c(28): warning: unused function 'SPI_Communicate' [-Wunused-function]
static uint32_t SPI_Communicate(uint8_t data)
                ^
9 warnings generated.
compiling main.c...
linking...
Program Size: Code=704 RO-data=408 RW-data=0 ZI-data=1640  
".\Objects\spi.axf" - 0 Error(s), 9 Warning(s).

<h2>Software Packages used:</h2>

Package Vendor: ARM
                http://www.keil.com/pack/ARM.CMSIS.5.9.0.pack
                ARM.CMSIS.5.9.0
                CMSIS (Common Microcontroller Software Interface Standard)
   * Component: CORE Version: 5.6.0

Package Vendor: Keil
                https://www.keil.com/pack/Keil.STM32F4xx_DFP.2.17.1.pack
                Keil.STM32F4xx_DFP.2.17.1
                STMicroelectronics STM32F4 Series Device Support, Drivers and Examples
   * Component: Startup Version: 2.6.3

<h2>Collection of Component include folders:</h2>
  ./RTE/_Target_1
  C:/Users/silex/AppData/Local/Arm/Packs/ARM/CMSIS/5.9.0/CMSIS/Core/Include
  C:/Users/silex/AppData/Local/Arm/Packs/Keil/STM32F4xx_DFP/2.17.1/Drivers/CMSIS/Device/ST/STM32F4xx/Include

<h2>Collection of Component Files used:</h2>

   * Component: ARM::CMSIS:CORE:5.6.0

   * Component: Keil::Device:Startup:2.6.3
      Include file:  Drivers/CMSIS/Device/ST/STM32F4xx/Include/stm32f4xx.h
      Source file:   MDK/Device/Source/ARM/STM32F40xxx_41xxx_OPT.s
      Source file:   MDK/Device/Source/ARM/STM32F4xx_OTP.s
      Source file:   Drivers/CMSIS/Device/ST/STM32F4xx/Source/Templates/arm/startup_stm32f407xx.s
      Source file:   Drivers/CMSIS/Device/ST/STM32F4xx/Source/Templates/system_stm32f4xx.c
Build Time Elapsed:  00:00:01
</pre>
</body>
</html>
